    1oan
    1ok8
FUL    1oke
FUL    1uzg
BMA    1uzg
FUL    2hg0
NDG    2hg0
FUL    2i69
    4gsx
    4gt0
BMA    4utc
BMA    5lbv
    5lbv
EBN    2yol
NKK    3e90
7HQ    5h4i
7HS    5h6v
6A8    5idk
SER    5idk
6T8    5lc0
BEZ    5yod
SER    5yod
7HS    5yof
D9U    6kk2
DUU    6kk3
DE0    6kk4
DE6    6kk5
DV0    6kk6
DT0    6kpq
E5X    6l4z
E60    6l50
O7N    6y3b
    5ccv
68E    5jjr
6L2    5jjs
GLU    6i7p
TRP    6i7p
    6kr2
    6kr3
ARG    6qsn
NDG    3c6e
SAM    1eiz
SAM    1ej0
HG    1ej0
SAH    1l9k
RVP    1r6a
SAH    1r6a
SAM    2nyu
SAM    2oxt
SAH    2oy0
SAH    2p1d
5GP    2p1d
G3A    2p3l
SAH    2p3l
SAH    2p3o
GTA    2p3o
GP3    2p3q
SAH    2p3q
GTG    2p40
SAH    2p41
G1G    2p41
SAM    2plw
SAH    2px2
SAH    2px4
SAH    2px5
MGT    2px8
SAH    2px8
3PO    2px8
SAH    2pxa
G3A    2pxc
SAM    2pxc
SAM    2wa2
SAH    2xbm
SAM    3dou
SFG    3eld
SAM    3elu
GP3    3elw
SAM    3elw
SAH    3ely
GTG    3emb
SAM    3emb
GTA    3emd
SFG    3emd
SAH    3eva
SAH    3evb
SAH    3evc
SAH    3evd
SAH    3eve
G3A    3eve
SAH    3evf
GTA    3evf
SAH    3evg
SAM    3gcz
SFG    3lkz
36A    3p8z
SAH    3p8z
SAM    3p97
TLA    4auk
SAM    4b17
3A9    4ctj
SAM    4ctj
SAM    4ctk
SVN    4ctk
SAH    4k6m
MGT    4n48
SAM    4n48
MGT    4n49
SAM    4n49
SFG    4r8s
SAH    4v0q
SAH    4v0r
SAH    5ccv
NSC    5cuq
SAH    5dto
M7G    5dto
5KY    5e9q
SAM    5e9q
5LP    5ec8
SAM    5ec8
5O0    5ehg
SAM    5ehg
5O3    5ehi
SAM    5ehi
4M0    5eif
SAM    5eif
X0V    5eiw
SAM    5eiw
2CQ    5ekx
SAM    5ekx
SAH    5goz
SIN    5goz
LYS    5goz
SAH    5gp1
GTA    5gp1
    5ikm
MLT    5ikm
SAM    5ikm
BDF    5ikm
SAH    5jjr
SAH    5jjs
SAM    5kqr
M7G    5kqs
SAM    5kqs
SAH    5m2x
SAH    5m2z
LYS    5m2z
SAM    5m5b
SFG    5mrk
SAH    5nju
SAM    5njv
SAH    5tfr
SAH    5tmh
SAH    5u0b
KB1    5ulp
SAM    5vim
SAH    5wxb
SAM    5wz1
GTA    5wz2
SAM    5wz2
SAM    5zqk
SAH    6i7p
SAM    6jpl
SAH    6kr2
SAH    6kr3
SAH    6qsn
SAM    7d6m
BMA    3c5x
BEF    3o8d
BEF    3o8r
R2N    5fpy
VWS    3vws
5UH    5f3t
5V5    5f3z
5V6    5f41
LNW    5hmw
LNX    5hmx
LNY    5hmy
LNZ    5hmz
LNN    5hn0
68T    5i3p
68E    5i3q
68T    5k5m
5V5    6h9r
B5C    6izx
KY3    6ld2
V0M    6xd0